// Jest Snapshot v1, https://goo.gl/fbAQLP

exports[`Component: Loading should render correctly 1`] = `
<div>
  <p>
    Loading ...
  </p>
</div>
`;
